// Jest Snapshot v1, https://goo.gl/fbAQLP

exports[`Home component should render Home component 1`] = `
"<Header center={true} secondary={true}>
  Home
</Header>"
`;
