// Jest Snapshot v1, https://goo.gl/fbAQLP

exports[`Private component should render Private component 1`] = `
"<div>
  Private
</div>"
`;
